// Jest Snapshot v1, https://goo.gl/fbAQLP

exports[`renders correctly 1`] = `
<DocumentFragment>
  .c0 {
  cursor: pointer;
  margin-top: 15px;
  padding: 5px;
  text-align: center;
  width: 100%;
}

.c0:hover {
  color: grey;
}

<button
    class="c0"
    data-testid="add-card-handler"
  >
    + add card
  </button>
</DocumentFragment>
`;
