// Jest Snapshot v1, https://goo.gl/fbAQLP

exports[`renders correctly 1`] = `
<DocumentFragment>
  .c0 {
  cursor: pointer;
}

<div
    class="c0"
    data-testid="add-card-handler"
  >
    + add card
  </div>
</DocumentFragment>
`;
